{
  "ExtraMembers": [],
  "MissingMembers": [
    "System.Object GetLifetimeService()",
    "System.Object InitializeLifetimeService()",
    "Void .ctor(System.String)",
    "Void GetObjectData(System.Runtime.Serialization.SerializationInfo, System.Runtime.Serialization.StreamingContext)"
  ]
}
