{
  "ExtraMembers": [],
  "MissingMembers": [
    "Void Move(System.String, System.String, Boolean)"
  ]
}
