{
  "ExtraMembers": [
    "Char get_AltDirectorySeparatorChar()",
    "Char get_DirectorySeparatorChar()",
    "Char get_PathSeparator()",
    "Char get_VolumeSeparatorChar()",
    "Char[] get_InvalidPathChars()"
  ],
  "MissingMembers": []
}
