{
  "ExtraMembers": [],
  "MissingMembers": [
    "System.IO.Abstractions.IDriveInfo[] GetDrives()",
    "Void .ctor(System.String)"
  ]
}
