{
  "ExtraMembers": [
    "Char get_AltDirectorySeparatorChar()",
    "Char get_DirectorySeparatorChar()",
    "Char get_PathSeparator()",
    "Char get_VolumeSeparatorChar()",
    "Char[] get_InvalidPathChars()"
  ],
  "MissingMembers": [
    "Boolean EndsInDirectorySeparator(System.ReadOnlySpan`1[System.Char])",
    "Boolean EndsInDirectorySeparator(System.String)",
    "System.ReadOnlySpan`1[System.Char] TrimEndingDirectorySeparator(System.ReadOnlySpan`1[System.Char])",
    "System.String Join(System.ReadOnlySpan`1[System.Char], System.ReadOnlySpan`1[System.Char], System.ReadOnlySpan`1[System.Char], System.ReadOnlySpan`1[System.Char])",
    "System.String Join(System.String, System.String)",
    "System.String Join(System.String, System.String, System.String)",
    "System.String Join(System.String, System.String, System.String, System.String)",
    "System.String Join(System.String[])",
    "System.String TrimEndingDirectorySeparator(System.String)"
  ]
}
